src/components/layout/Header.tsx(5,8): error TS2613: Module '"C:/Users/lcamp/Desktop/Proyectos/GestionMolino/src/components/ui/ConfirmationModal"' has no default export. Did you mean to use 'import { ConfirmationModal } from "C:/Users/lcamp/Desktop/Proyectos/GestionMolino/src/components/ui/ConfirmationModal"' instead?
src/pages/Reportes.tsx(11,22): error TS2559: Type '100' has no properties in common with type '{ page?: number; pageSize?: number; search?: string; status?: string; millId?: string; mineralType?: string; startDate?: string; endDate?: string; limit?: number; }'.
src/pages/Usuarios.tsx(8,8): error TS2613: Module '"C:/Users/lcamp/Desktop/Proyectos/GestionMolino/src/components/ui/ConfirmationModal"' has no default export. Did you mean to use 'import { ConfirmationModal } from "C:/Users/lcamp/Desktop/Proyectos/GestionMolino/src/components/ui/ConfirmationModal"' instead?
